Archive member included because of file (symbol)

/Applications/lpcxpresso_7.5.0_254/lpcxpresso/tools/bin/../lib/gcc/arm-none-eabi/4.8.4/../../../../arm-none-eabi/lib/armv6-m/libcr_semihost.a(_cr__main.o)
                              ./startup/cr_startup_lpc11.o (__main)
/Applications/lpcxpresso_7.5.0_254/lpcxpresso/tools/bin/../lib/gcc/arm-none-eabi/4.8.4/../../../../arm-none-eabi/lib/armv6-m/libcr_c.a(memcpy.o)
                              ./src/RF22.o (memcpy)
/Applications/lpcxpresso_7.5.0_254/lpcxpresso/tools/bin/../lib/gcc/arm-none-eabi/4.8.4/../../../../arm-none-eabi/lib/armv6-m/libcr_c.a(floor.o)
                              ./src/RF22.o (floor)
/Applications/lpcxpresso_7.5.0_254/lpcxpresso/tools/bin/../lib/gcc/arm-none-eabi/4.8.4/../../../../arm-none-eabi/lib/armv6-m/libcr_c.a(fpprintf.o)
                              ./src/main.o (printf)
/Applications/lpcxpresso_7.5.0_254/lpcxpresso/tools/bin/../lib/gcc/arm-none-eabi/4.8.4/../../../../arm-none-eabi/lib/armv6-m/libcr_c.a(initio.o)
                              /Applications/lpcxpresso_7.5.0_254/lpcxpresso/tools/bin/../lib/gcc/arm-none-eabi/4.8.4/../../../../arm-none-eabi/lib/armv6-m/libcr_semihost.a(_cr__main.o) (_initio)
/Applications/lpcxpresso_7.5.0_254/lpcxpresso/tools/bin/../lib/gcc/arm-none-eabi/4.8.4/../../../../arm-none-eabi/lib/armv6-m/libcr_c.a(printf.o)
                              /Applications/lpcxpresso_7.5.0_254/lpcxpresso/tools/bin/../lib/gcc/arm-none-eabi/4.8.4/../../../../arm-none-eabi/lib/armv6-m/libcr_c.a(fpprintf.o) (__vfprintf)
/Applications/lpcxpresso_7.5.0_254/lpcxpresso/tools/bin/../lib/gcc/arm-none-eabi/4.8.4/../../../../arm-none-eabi/lib/armv6-m/libcr_c.a(setvbuf.o)
                              /Applications/lpcxpresso_7.5.0_254/lpcxpresso/tools/bin/../lib/gcc/arm-none-eabi/4.8.4/../../../../arm-none-eabi/lib/armv6-m/libcr_c.a(initio.o) (setvbuf)
/Applications/lpcxpresso_7.5.0_254/lpcxpresso/tools/bin/../lib/gcc/arm-none-eabi/4.8.4/../../../../arm-none-eabi/lib/armv6-m/libcr_c.a(stdio.o)
                              /Applications/lpcxpresso_7.5.0_254/lpcxpresso/tools/bin/../lib/gcc/arm-none-eabi/4.8.4/../../../../arm-none-eabi/lib/armv6-m/libcr_c.a(fpprintf.o) (__Ciob)
/Applications/lpcxpresso_7.5.0_254/lpcxpresso/tools/bin/../lib/gcc/arm-none-eabi/4.8.4/../../../../arm-none-eabi/lib/armv6-m/libcr_c.a(strlen.o)
                              /Applications/lpcxpresso_7.5.0_254/lpcxpresso/tools/bin/../lib/gcc/arm-none-eabi/4.8.4/../../../../arm-none-eabi/lib/armv6-m/libcr_c.a(printf.o) (strlen)
/Applications/lpcxpresso_7.5.0_254/lpcxpresso/tools/bin/../lib/gcc/arm-none-eabi/4.8.4/../../../../arm-none-eabi/lib/armv6-m/libcr_c.a(memset.o)
                              /Applications/lpcxpresso_7.5.0_254/lpcxpresso/tools/bin/../lib/gcc/arm-none-eabi/4.8.4/../../../../arm-none-eabi/lib/armv6-m/libcr_c.a(fpprintf.o) (memset)
/Applications/lpcxpresso_7.5.0_254/lpcxpresso/tools/bin/../lib/gcc/arm-none-eabi/4.8.4/../../../../arm-none-eabi/lib/armv6-m/libcr_c.a(__fillbuf.o)
                              /Applications/lpcxpresso_7.5.0_254/lpcxpresso/tools/bin/../lib/gcc/arm-none-eabi/4.8.4/../../../../arm-none-eabi/lib/armv6-m/libcr_c.a(stdio.o) (__filbuf)
/Applications/lpcxpresso_7.5.0_254/lpcxpresso/tools/bin/../lib/gcc/arm-none-eabi/4.8.4/../../../../arm-none-eabi/lib/armv6-m/libcr_c.a(_deferredlazyseek.o)
                              /Applications/lpcxpresso_7.5.0_254/lpcxpresso/tools/bin/../lib/gcc/arm-none-eabi/4.8.4/../../../../arm-none-eabi/lib/armv6-m/libcr_c.a(__fillbuf.o) (_deferredlazyseek)
/Applications/lpcxpresso_7.5.0_254/lpcxpresso/tools/bin/../lib/gcc/arm-none-eabi/4.8.4/../../../../arm-none-eabi/lib/armv6-m/libcr_c.a(_fdopen.o)
                              /Applications/lpcxpresso_7.5.0_254/lpcxpresso/tools/bin/../lib/gcc/arm-none-eabi/4.8.4/../../../../arm-none-eabi/lib/armv6-m/libcr_c.a(initio.o) (_fdopen)
/Applications/lpcxpresso_7.5.0_254/lpcxpresso/tools/bin/../lib/gcc/arm-none-eabi/4.8.4/../../../../arm-none-eabi/lib/armv6-m/libcr_c.a(_fflush.o)
                              /Applications/lpcxpresso_7.5.0_254/lpcxpresso/tools/bin/../lib/gcc/arm-none-eabi/4.8.4/../../../../arm-none-eabi/lib/armv6-m/libcr_c.a(__fillbuf.o) (_fflush)
/Applications/lpcxpresso_7.5.0_254/lpcxpresso/tools/bin/../lib/gcc/arm-none-eabi/4.8.4/../../../../arm-none-eabi/lib/armv6-m/libcr_c.a(_frexpl.o)
                              /Applications/lpcxpresso_7.5.0_254/lpcxpresso/tools/bin/../lib/gcc/arm-none-eabi/4.8.4/../../../../arm-none-eabi/lib/armv6-m/libcr_c.a(fpprintf.o) (_frexpl)
/Applications/lpcxpresso_7.5.0_254/lpcxpresso/tools/bin/../lib/gcc/arm-none-eabi/4.8.4/../../../../arm-none-eabi/lib/armv6-m/libcr_c.a(_ldexpl.o)
                              /Applications/lpcxpresso_7.5.0_254/lpcxpresso/tools/bin/../lib/gcc/arm-none-eabi/4.8.4/../../../../arm-none-eabi/lib/armv6-m/libcr_c.a(fpprintf.o) (_ldexpl)
[...]
Memory Configuration

Name             Origin             Length             Attributes
MFlash32         0x0000000000000000 0x0000000000008000 xr
RamLoc8          0x0000000010000000 0x0000000000002000 xrw
*default*        0x0000000000000000 0xffffffffffffffff

Linker script and memory map

LOAD ./startup/cr_startup_lpc11.o
LOAD ./src/RF22.o
LOAD ./src/RHReliableDatagram.o
LOAD ./src/led.o
LOAD ./src/m0utils.o
LOAD ./src/main.o
LOAD ./src/spi.o
LOAD ./src/trigInput.o
LOAD ./driver/adc.o
LOAD ./driver/can.o
LOAD ./driver/clkconfig.o
LOAD ./driver/crp.o
LOAD ./driver/debug_printf.o
LOAD ./driver/gpio.o
LOAD ./driver/i2c.o
LOAD ./driver/i2cslave.o
LOAD ./driver/lpc_swu.o
LOAD ./driver/rs485.o
LOAD ./driver/small_gpio.o
LOAD ./driver/ssp.o
LOAD ./driver/timer16.o
LOAD ./driver/timer32.o
LOAD ./driver/uart.o
LOAD ./driver/wdt.o
LOAD ./cmsis/core_cm0.o
LOAD ./cmsis/system_LPC11xx.o
LOAD ./.metadata/.plugins/org.eclipse.cdt.make.core/specs.o
START GROUP
LOAD /Applications/lpcxpresso_7.5.0_254/lpcxpresso/tools/bin/../lib/gcc/arm-none-eabi/4.8.4/../../../../arm-none-eabi/lib/armv6-m/libcr_semihost.a
LOAD /Applications/lpcxpresso_7.5.0_254/lpcxpresso/tools/bin/../lib/gcc/arm-none-eabi/4.8.4/../../../../arm-none-eabi/lib/armv6-m/libcr_c.a
LOAD /Applications/lpcxpresso_7.5.0_254/lpcxpresso/tools/bin/../lib/gcc/arm-none-eabi/4.8.4/armv6-m/libcr_eabihelpers.a
END GROUP
                0x0000000000008000                __top_MFlash32 = 0x8000
                0x0000000010002000                __top_RamLoc8 = 0x10002000

.text           0x0000000000000000     0x5438
 FILL mask 0xff
                0x0000000000000000                __vectors_start__ = ABSOLUTE (.)
 *(.isr_vector)
 .isr_vector    0x0000000000000000       0xc0 ./startup/cr_startup_lpc11.o
                0x0000000000000000                g_pfnVectors
                0x00000000000000c0                . = ALIGN (0x4)
                0x00000000000000c0                __section_table_start = .
                0x00000000000000c0                __data_section_table = .
                0x00000000000000c0        0x4 LONG 0x5438 LOADADDR (.data)
                0x00000000000000c4        0x4 LONG 0x10000000 ADDR (.data)
                0x00000000000000c8        0x4 LONG 0x1cc SIZEOF (.data)
                0x00000000000000cc                __data_section_table_end = .
                0x00000000000000cc                __bss_section_table = .
                0x00000000000000cc        0x4 LONG 0x100001cc ADDR (.bss)
                0x00000000000000d0        0x4 LONG 0x3c8 SIZEOF (.bss)
                0x00000000000000d4                __bss_section_table_end = .
                0x00000000000000d4                __section_table_end = .
 *(.after_vectors*)
 *(.text*)
 .text.ResetISR
                0x00000000000000d4       0x60 ./startup/cr_startup_lpc11.o
                0x00000000000000d4                ResetISR
 .text.NMI_Handler
                0x0000000000000134        0x8 ./startup/cr_startup_lpc11.o
                0x0000000000000134                NMI_Handler
 .text.HardFault_Handler
                0x000000000000013c        0x8 ./startup/cr_startup_lpc11.o
                0x000000000000013c                HardFault_Handler
 .text.SVCall_Handler
                0x0000000000000144        0x8 ./startup/cr_startup_lpc11.o
                0x0000000000000144                SVCall_Handler
 .text.PendSV_Handler
                0x000000000000014c        0x8 ./startup/cr_startup_lpc11.o
                0x000000000000014c                PendSV_Handler
 .text.IntDefaultHandler
                0x0000000000000154        0x8 ./startup/cr_startup_lpc11.o
                0x0000000000000154                PIOINT3_IRQHandler
                0x0000000000000154                UART_IRQHandler
                0x0000000000000154                TIMER32_1_IRQHandler
                0x0000000000000154                IntDefaultHandler
                0x0000000000000154                CAN_IRQHandler
                0x0000000000000154                SSP0_IRQHandler
                0x0000000000000154                TIMER16_1_IRQHandler
                0x0000000000000154                ADC_IRQHandler
                0x0000000000000154                SSP1_IRQHandler
                0x0000000000000154                BOD_IRQHandler
                0x0000000000000154                WAKEUP_IRQHandler
                0x0000000000000154                I2C_IRQHandler
                0x0000000000000154                WDT_IRQHandler
                0x0000000000000154                TIMER16_0_IRQHandler
 .text.NVIC_EnableIRQ
                0x000000000000015c       0x2c ./src/RF22.o
 .text.RF22init
                0x0000000000000188      0x180 ./src/RF22.o
                0x0000000000000188                RF22init
 .text.PIOINT0_IRQHandler
                0x0000000000000308      0x18c ./src/RF22.o
                0x0000000000000308                PIOINT0_IRQHandler
 .text.reset    0x0000000000000494       0x2c ./src/RF22.o
                0x0000000000000494                reset
 .text.spiRead  0x00000000000004c0       0x58 ./src/RF22.o
                0x00000000000004c0                spiRead
 .text.spiWrite
                0x0000000000000518       0x54 ./src/RF22.o
                0x0000000000000518                spiWrite
 .text.spiBurstRead
                0x000000000000056c       0x58 ./src/RF22.o
                0x000000000000056c                spiBurstRead
 .text.spiBurstWrite
                0x00000000000005c4       0x68 ./src/RF22.o
                0x00000000000005c4                spiBurstWrite
 .text.statusRead
                0x000000000000062c       0x14 ./src/RF22.o
                0x000000000000062c                statusRead
 .text.setFrequency
                0x0000000000000640      0x144 ./src/RF22.o
                0x0000000000000640                setFrequency
 .text.setMode  0x0000000000000784       0x20 ./src/RF22.o
                0x0000000000000784                setMode
 .text.setModeIdle
                0x00000000000007a4       0x28 ./src/RF22.o
                0x00000000000007a4                setModeIdle
 .text.setModeRx
                0x00000000000007cc       0x30 ./src/RF22.o
                0x00000000000007cc                setModeRx
 .text.setModeTx
                0x00000000000007fc       0x30 ./src/RF22.o
                0x00000000000007fc                setModeTx
 .text.setTxPower
                0x000000000000082c       0x20 ./src/RF22.o
                0x000000000000082c                setTxPower
 .text.setModemRegisters
                0x000000000000084c       0x68 ./src/RF22.o
                0x000000000000084c                setModemRegisters
 .text.setModemConfig
                0x00000000000008b4       0x50 ./src/RF22.o
                0x00000000000008b4                setModemConfig
 .text.setPreambleLength
                0x0000000000000904       0x20 ./src/RF22.o
                0x0000000000000904                setPreambleLength
 .text.setSyncWords
                0x0000000000000924       0x24 ./src/RF22.o
                0x0000000000000924                setSyncWords
 .text.clearRxBuf
                0x0000000000000948       0x1c ./src/RF22.o
                0x0000000000000948                clearRxBuf
 .text.available
                0x0000000000000964       0x18 ./src/RF22.o
                0x0000000000000964                available
 .text.waitAvailableTimeout
                0x000000000000097c       0x40 ./src/RF22.o
                0x000000000000097c                waitAvailableTimeout
 .text.waitPacketSent
                0x00000000000009bc       0x18 ./src/RF22.o
                0x00000000000009bc                waitPacketSent
 .text.recv     0x00000000000009d4       0x58 ./src/RF22.o
                0x00000000000009d4                recv
 .text.clearTxBuf
                0x0000000000000a2c       0x28 ./src/RF22.o
                0x0000000000000a2c                clearTxBuf
 .text.startTransmit
                0x0000000000000a54       0x24 ./src/RF22.o
                0x0000000000000a54                startTransmit
 .text.restartTransmit
                0x0000000000000a78       0x2c ./src/RF22.o
                0x0000000000000a78                restartTransmit
 .text.send     0x0000000000000aa4       0x30 ./src/RF22.o
                0x0000000000000aa4                send
 .text.fillTxBuf
                0x0000000000000ad4       0x2c ./src/RF22.o
                0x0000000000000ad4                fillTxBuf
 .text.appendTxBuf
                0x0000000000000b00       0x64 ./src/RF22.o
                0x0000000000000b00                appendTxBuf
 .text.sendNextFragment
                0x0000000000000b64       0x74 ./src/RF22.o
                0x0000000000000b64                sendNextFragment
 .text.readNextFragment
                0x0000000000000bd8       0x44 ./src/RF22.o
                0x0000000000000bd8                readNextFragment
 .text.resetFifos
                0x0000000000000c1c       0x18 ./src/RF22.o
                0x0000000000000c1c                resetFifos
 .text.resetRxFifo
                0x0000000000000c34       0x18 ./src/RF22.o
                0x0000000000000c34                resetRxFifo
 .text.handleExternalInterrupt
                0x0000000000000c4c        0x8 ./src/RF22.o
                0x0000000000000c4c                handleExternalInterrupt
 .text.handleWakeupTimerInterrupt
                0x0000000000000c54        0x8 ./src/RF22.o
                0x0000000000000c54                handleWakeupTimerInterrupt
 .text.setHeaderTo
                0x0000000000000c5c       0x20 ./src/RF22.o
                0x0000000000000c5c                setHeaderTo
 .text.setHeaderFrom
                0x0000000000000c7c       0x20 ./src/RF22.o
                0x0000000000000c7c                setHeaderFrom
 .text.setHeaderId
                0x0000000000000c9c       0x20 ./src/RF22.o
                0x0000000000000c9c                setHeaderId
 .text.setHeaderFlags
                0x0000000000000cbc       0x20 ./src/RF22.o
                0x0000000000000cbc                setHeaderFlags
 .text.headerTo
                0x0000000000000cdc       0x14 ./src/RF22.o
                0x0000000000000cdc                headerTo
 .text.headerFrom
                0x0000000000000cf0       0x14 ./src/RF22.o
                0x0000000000000cf0                headerFrom
 .text.headerId
                0x0000000000000d04       0x14 ./src/RF22.o
                0x0000000000000d04                headerId
 .text.headerFlags
                0x0000000000000d18       0x14 ./src/RF22.o
                0x0000000000000d18                headerFlags
 .text.setPromiscuous
                0x0000000000000d2c       0x28 ./src/RF22.o
                0x0000000000000d2c                setPromiscuous
 .text.initRHReliableDatagram
                0x0000000000000d54       0x3c ./src/RHReliableDatagram.o
                0x0000000000000d54                initRHReliableDatagram
 .text.sendto   0x0000000000000d90       0x34 ./src/RHReliableDatagram.o
                0x0000000000000d90                sendto
 .text.recvfrom
                0x0000000000000dc4       0x78 ./src/RHReliableDatagram.o
                0x0000000000000dc4                recvfrom
 .text.sendtoWait
                0x0000000000000e3c      0x1ac ./src/RHReliableDatagram.o
                0x0000000000000e3c                sendtoWait
 .text.recvfromAck
                0x0000000000000fe8       0xdc ./src/RHReliableDatagram.o
                0x0000000000000fe8                recvfromAck
 .text.recvfromAckTimeout
                0x00000000000010c4       0x6c ./src/RHReliableDatagram.o
                0x00000000000010c4                recvfromAckTimeout
 .text.acknowledge
                0x0000000000001130       0x48 ./src/RHReliableDatagram.o
                0x0000000000001130                acknowledge
 .text.initLed  0x0000000000001178      0x108 ./src/led.o
                0x0000000000001178                initLed
 .text.updateLed
                0x0000000000001280      0x158 ./src/led.o
                0x0000000000001280                updateLed
 .text.millis   0x00000000000013d8       0x14 ./src/m0utils.o
                0x00000000000013d8                millis
 .text.randomn  0x00000000000013ec       0x24 ./src/m0utils.o
                0x00000000000013ec                randomn
 .text.random   0x0000000000001410       0x34 ./src/m0utils.o
                0x0000000000001410                random
 .text.delay    0x0000000000001444       0x30 ./src/m0utils.o
                0x0000000000001444                delay
 .text.NVIC_SetPriority
                0x0000000000001474       0xe0 ./src/main.o
 .text.SysTick_Config
                0x0000000000001554       0x4c ./src/main.o
 .text.SysTick_Handler
                0x00000000000015a0       0x18 ./src/main.o
                0x00000000000015a0                SysTick_Handler
 .text.initError
                0x00000000000015b8        0xc ./src/main.o
                0x00000000000015b8                initError
 .text.sysInit  0x00000000000015c4      0x124 ./src/main.o
                0x00000000000015c4                sysInit
 .text.main     0x00000000000016e8       0xbc ./src/main.o
                0x00000000000016e8                main
 .text.SPI_Init
                0x00000000000017a4       0x90 ./src/spi.o
                0x00000000000017a4                SPI_Init
 .text.SPI_Send
                0x0000000000001834       0x6c ./src/spi.o
                0x0000000000001834                SPI_Send
 .text.SPI_Receive
                0x00000000000018a0       0x50 ./src/spi.o
                0x00000000000018a0                SPI_Receive
 .text.NVIC_EnableIRQ
                0x00000000000018f0       0x2c ./src/trigInput.o
 .text.PIOINT1_IRQHandler
                0x000000000000191c       0x2c ./src/trigInput.o
                0x000000000000191c                PIOINT1_IRQHandler
 .text.PIOINT2_IRQHandler
                0x0000000000001948       0x2c ./src/trigInput.o
                0x0000000000001948                PIOINT2_IRQHandler
 .text.trigInputInit
                0x0000000000001974       0x94 ./src/trigInput.o
                0x0000000000001974                trigInputInit
 .text.GPIOInit
                0x0000000000001a08       0x20 ./driver/gpio.o
                0x0000000000001a08                GPIOInit
 .text.GPIOSetInterrupt
                0x0000000000001a28      0x31c ./driver/gpio.o
                0x0000000000001a28                GPIOSetInterrupt
 .text.GPIOIntEnable
                0x0000000000001d44       0xa0 ./driver/gpio.o
                0x0000000000001d44                GPIOIntEnable
 .text.GPIOIntClear
                0x0000000000001de4       0xa0 ./driver/gpio.o
                0x0000000000001de4                GPIOIntClear
 .text.GPIOSetValue
                0x0000000000001e84       0x38 ./driver/gpio.o
                0x0000000000001e84                GPIOSetValue
 .text.GPIOSetDir
                0x0000000000001ebc       0x70 ./driver/gpio.o
                0x0000000000001ebc                GPIOSetDir
 .text.TIMER32_0_IRQHandler
                0x0000000000001f2c       0x4c ./driver/timer32.o
                0x0000000000001f2c                TIMER32_0_IRQHandler
 .text.SystemCoreClockUpdate
                0x0000000000001f78       0xb0 ./cmsis/system_LPC11xx.o
                0x0000000000001f78                SystemCoreClockUpdate
 .text.SystemInit
                0x0000000000002028       0xac ./cmsis/system_LPC11xx.o
                0x0000000000002028                SystemInit
 .text.__main   0x00000000000020d4       0x12 /Applications/lpcxpresso_7.5.0_254/lpcxpresso/tools/bin/../lib/gcc/arm-none-eabi/4.8.4/../../../../arm-none-eabi/lib/armv6-m/libcr_semihost.a(_cr__main.o)
                0x00000000000020d4                __main
                0x00000000000020d4                __CR_SEMIHOST
 .text.memcpy   0x00000000000020e6        0x8 /Applications/lpcxpresso_7.5.0_254/lpcxpresso/tools/bin/../lib/gcc/arm-none-eabi/4.8.4/../../../../arm-none-eabi/lib/armv6-m/libcr_c.a(memcpy.o)
                0x00000000000020e6                memcpy
 *fill*         0x00000000000020ee        0x2 
 .text.floor    0x00000000000020f0       0xb8 /Applications/lpcxpresso_7.5.0_254/lpcxpresso/tools/bin/../lib/gcc/arm-none-eabi/4.8.4/../../../../arm-none-eabi/lib/armv6-m/libcr_c.a(floor.o)
                0x00000000000020f0                floor
 .text.fp_round
                0x00000000000021a8       0x48 /Applications/lpcxpresso_7.5.0_254/lpcxpresso/tools/bin/../lib/gcc/arm-none-eabi/4.8.4/../../../../arm-none-eabi/lib/armv6-m/libcr_c.a(fpprintf.o)
 .text.pr_dec.constprop.1
                0x00000000000021f0       0x28 /Applications/lpcxpresso_7.5.0_254/lpcxpresso/tools/bin/../lib/gcc/arm-none-eabi/4.8.4/../../../../arm-none-eabi/lib/armv6-m/libcr_c.a(fpprintf.o)
 .text.sprintf  0x0000000000002218       0x70 /Applications/lpcxpresso_7.5.0_254/lpcxpresso/tools/bin/../lib/gcc/arm-none-eabi/4.8.4/../../../../arm-none-eabi/lib/armv6-m/libcr_c.a(fpprintf.o)
                0x0000000000002218                sprintf
 .text.fp_display
                0x0000000000002288      0x980 /Applications/lpcxpresso_7.5.0_254/lpcxpresso/tools/bin/../lib/gcc/arm-none-eabi/4.8.4/../../../../arm-none-eabi/lib/armv6-m/libcr_c.a(fpprintf.o)
 .text.vsnprintf
                0x0000000000002c08       0x5c /Applications/lpcxpresso_7.5.0_254/lpcxpresso/tools/bin/../lib/gcc/arm-none-eabi/4.8.4/../../../../arm-none-eabi/lib/armv6-m/libcr_c.a(fpprintf.o)
                0x0000000000002c08                vsnprintf
 .text.printf   0x0000000000002c64       0x50 /Applications/lpcxpresso_7.5.0_254/lpcxpresso/tools/bin/../lib/gcc/arm-none-eabi/4.8.4/../../../../arm-none-eabi/lib/armv6-m/libcr_c.a(fpprintf.o)
                0x0000000000002c64                printf
 .text._initio  0x0000000000002cb4       0xa4 /Applications/lpcxpresso_7.5.0_254/lpcxpresso/tools/bin/../lib/gcc/arm-none-eabi/4.8.4/../../../../arm-none-eabi/lib/armv6-m/libcr_c.a(initio.o)
                0x0000000000002cb4                _initio
 .text.__vfprintf
                0x0000000000002d58      0xd4c /Applications/lpcxpresso_7.5.0_254/lpcxpresso/tools/bin/../lib/gcc/arm-none-eabi/4.8.4/../../../../arm-none-eabi/lib/armv6-m/libcr_c.a(printf.o)
                0x0000000000002d58                __vfprintf
 .text.setvbuf  0x0000000000003aa4       0x48 /Applications/lpcxpresso_7.5.0_254/lpcxpresso/tools/bin/../lib/gcc/arm-none-eabi/4.8.4/../../../../arm-none-eabi/lib/armv6-m/libcr_c.a(setvbuf.o)
                0x0000000000003aa4                setvbuf
 .text.strlen   0x0000000000003aec       0x54 /Applications/lpcxpresso_7.5.0_254/lpcxpresso/tools/bin/../lib/gcc/arm-none-eabi/4.8.4/../../../../arm-none-eabi/lib/armv6-m/libcr_c.a(strlen.o)
                0x0000000000003aec                strlen
 .text.memset   0x0000000000003b40        0x8 /Applications/lpcxpresso_7.5.0_254/lpcxpresso/tools/bin/../lib/gcc/arm-none-eabi/4.8.4/../../../../arm-none-eabi/lib/armv6-m/libcr_c.a(memset.o)
                0x0000000000003b40                memset
 .text._deferredlazyseek
                0x0000000000003b48       0x44 /Applications/lpcxpresso_7.5.0_254/lpcxpresso/tools/bin/../lib/gcc/arm-none-eabi/4.8.4/../../../../arm-none-eabi/lib/armv6-m/libcr_c.a(_deferredlazyseek.o)
                0x0000000000003b48                _deferredlazyseek
 .text.__flsbuf
                0x0000000000003b8c      0x154 /Applications/lpcxpresso_7.5.0_254/lpcxpresso/tools/bin/../lib/gcc/arm-none-eabi/4.8.4/../../../../arm-none-eabi/lib/armv6-m/libcr_c.a(_deferredlazyseek.o)
                0x0000000000003b8c                __flsbuf
 .text._fdopen  0x0000000000003ce0       0x68 /Applications/lpcxpresso_7.5.0_254/lpcxpresso/tools/bin/../lib/gcc/arm-none-eabi/4.8.4/../../../../arm-none-eabi/lib/armv6-m/libcr_c.a(_fdopen.o)
                0x0000000000003ce0                _fdopen
 .text._fflush  0x0000000000003d48       0x64 /Applications/lpcxpresso_7.5.0_254/lpcxpresso/tools/bin/../lib/gcc/arm-none-eabi/4.8.4/../../../../arm-none-eabi/lib/armv6-m/libcr_c.a(_fflush.o)
                0x0000000000003d48                _fflush
 *fill*         0x0000000000003dac        0x4 
 .text._frexpl  0x0000000000003db0       0x80 /Applications/lpcxpresso_7.5.0_254/lpcxpresso/tools/bin/../lib/gcc/arm-none-eabi/4.8.4/../../../../arm-none-eabi/lib/armv6-m/libcr_c.a(_frexpl.o)
                0x0000000000003db0                _frexpl
 .text._ldexpl  0x0000000000003e30       0x60 /Applications/lpcxpresso_7.5.0_254/lpcxpresso/tools/bin/../lib/gcc/arm-none-eabi/4.8.4/../../../../arm-none-eabi/lib/armv6-m/libcr_c.a(_ldexpl.o)
                0x0000000000003e30                _ldexpl
 .text._Cwritebuf
                0x0000000000003e90       0x6c /Applications/lpcxpresso_7.5.0_254/lpcxpresso/tools/bin/../lib/gcc/arm-none-eabi/4.8.4/../../../../arm-none-eabi/lib/armv6-m/libcr_c.a(_writebuf.o)
                0x0000000000003e90                _Cwritebuf
 .text.malloc   0x0000000000003efc       0xc4 /Applications/lpcxpresso_7.5.0_254/lpcxpresso/tools/bin/../lib/gcc/arm-none-eabi/4.8.4/../../../../arm-none-eabi/lib/armv6-m/libcr_c.a(alloc.o)
                0x0000000000003efc                malloc
 .text.free     0x0000000000003fc0        0xe /Applications/lpcxpresso_7.5.0_254/lpcxpresso/tools/bin/../lib/gcc/arm-none-eabi/4.8.4/../../../../arm-none-eabi/lib/armv6-m/libcr_c.a(alloc.o)
                0x0000000000003fc0                free
 *fill*         0x0000000000003fce        0x2 
 .text._Csys_alloc
                0x0000000000003fd0       0x20 /Applications/lpcxpresso_7.5.0_254/lpcxpresso/tools/bin/../lib/gcc/arm-none-eabi/4.8.4/../../../../arm-none-eabi/lib/armv6-m/libcr_c.a(alloc.o)
                0x0000000000003fd0                _Csys_alloc
 .text.fclose   0x0000000000003ff0       0x70 /Applications/lpcxpresso_7.5.0_254/lpcxpresso/tools/bin/../lib/gcc/arm-none-eabi/4.8.4/../../../../arm-none-eabi/lib/armv6-m/libcr_c.a(fclose.o)
                0x0000000000003ff0                fclose
 .text.fflush   0x0000000000004060       0x34 /Applications/lpcxpresso_7.5.0_254/lpcxpresso/tools/bin/../lib/gcc/arm-none-eabi/4.8.4/../../../../arm-none-eabi/lib/armv6-m/libcr_c.a(fflush.o)
                0x0000000000004060                fflush
 .text.fseek    0x0000000000004094       0xf8 /Applications/lpcxpresso_7.5.0_254/lpcxpresso/tools/bin/../lib/gcc/arm-none-eabi/4.8.4/../../../../arm-none-eabi/lib/armv6-m/libcr_c.a(fseek.o)
                0x0000000000004094                fseek
 .text.ftell    0x000000000000418c       0x4c /Applications/lpcxpresso_7.5.0_254/lpcxpresso/tools/bin/../lib/gcc/arm-none-eabi/4.8.4/../../../../arm-none-eabi/lib/armv6-m/libcr_c.a(ftell.o)
                0x000000000000418c                ftell
 .text.remove   0x00000000000041d8       0x12 /Applications/lpcxpresso_7.5.0_254/lpcxpresso/tools/bin/../lib/gcc/arm-none-eabi/4.8.4/../../../../arm-none-eabi/lib/armv6-m/libcr_c.a(remove.o)
                0x00000000000041d8                remove
 *fill*         0x00000000000041ea        0x2 
 .text._sbrk    0x00000000000041ec       0x40 /Applications/lpcxpresso_7.5.0_254/lpcxpresso/tools/bin/../lib/gcc/arm-none-eabi/4.8.4/../../../../arm-none-eabi/lib/armv6-m/libcr_c.a(_cr_sbrk.o)
                0x00000000000041ec                _sbrk
 .text._do_fflush
                0x000000000000422c       0x48 /Applications/lpcxpresso_7.5.0_254/lpcxpresso/tools/bin/../lib/gcc/arm-none-eabi/4.8.4/../../../../arm-none-eabi/lib/armv6-m/libcr_c.a(_do_fflush.o)
                0x000000000000422c                _do_fflush
 .text.__check_heap_overflow
                0x0000000000004274       0x18 /Applications/lpcxpresso_7.5.0_254/lpcxpresso/tools/bin/../lib/gcc/arm-none-eabi/4.8.4/../../../../arm-none-eabi/lib/armv6-m/libcr_c.a(_cr_check_heap.o)
                0x0000000000004274                __check_heap_overflow
 .text.__aeabi_division_idivmod
                0x000000000000428c       0x78 /Applications/lpcxpresso_7.5.0_254/lpcxpresso/tools/bin/../lib/gcc/arm-none-eabi/4.8.4/armv6-m/libcr_eabihelpers.a(division_32.o)
                0x000000000000428c                __aeabi_idiv
                0x000000000000428c                __aeabi_idivmod
                0x0000000000004292                __aeabi_uidiv
                0x0000000000004292                __aeabi_uidivmod
 .text.__aeabi_division_idiv0
                0x0000000000004304        0x2 /Applications/lpcxpresso_7.5.0_254/lpcxpresso/tools/bin/../lib/gcc/arm-none-eabi/4.8.4/armv6-m/libcr_eabihelpers.a(division_idiv0.o)
                0x0000000000004304                __aeabi_idiv0
 *fill*         0x0000000000004306        0x2 
 .text.__aeabi_dmul
                0x0000000000004308      0x188 /Applications/lpcxpresso_7.5.0_254/lpcxpresso/tools/bin/../lib/gcc/arm-none-eabi/4.8.4/armv6-m/libcr_eabihelpers.a(double.o)
                0x0000000000004308                __aeabi_dmul
 .text.__aeabi_ddiv
                0x0000000000004490      0x160 /Applications/lpcxpresso_7.5.0_254/lpcxpresso/tools/bin/../lib/gcc/arm-none-eabi/4.8.4/armv6-m/libcr_eabihelpers.a(double.o)
                0x0000000000004490                __aeabi_ddiv
 .text.__aeabi_dsub
                0x00000000000045f0      0x1e8 /Applications/lpcxpresso_7.5.0_254/lpcxpresso/tools/bin/../lib/gcc/arm-none-eabi/4.8.4/armv6-m/libcr_eabihelpers.a(double.o)
                0x00000000000045f0                __aeabi_dsub
 .text.__aeabi_dadd
                0x00000000000047d8      0x148 /Applications/lpcxpresso_7.5.0_254/lpcxpresso/tools/bin/../lib/gcc/arm-none-eabi/4.8.4/armv6-m/libcr_eabihelpers.a(double.o)
                0x00000000000047d8                __aeabi_dadd
 .text.__aeabi_d2f
                0x0000000000004920       0x5c /Applications/lpcxpresso_7.5.0_254/lpcxpresso/tools/bin/../lib/gcc/arm-none-eabi/4.8.4/armv6-m/libcr_eabihelpers.a(double.o)
                0x0000000000004920                __aeabi_d2f
 .text.__aeabi_d2iz
                0x000000000000497c       0x48 /Applications/lpcxpresso_7.5.0_254/lpcxpresso/tools/bin/../lib/gcc/arm-none-eabi/4.8.4/armv6-m/libcr_eabihelpers.a(double.o)
                0x000000000000497c                __aeabi_d2iz
 .text.__bhs_ui2d
                0x00000000000049c4       0x5e /Applications/lpcxpresso_7.5.0_254/lpcxpresso/tools/bin/../lib/gcc/arm-none-eabi/4.8.4/armv6-m/libcr_eabihelpers.a(double.o)
                0x00000000000049c4                __bhs_ui2d
 .text.__aeabi_i2d
                0x0000000000004a22       0x16 /Applications/lpcxpresso_7.5.0_254/lpcxpresso/tools/bin/../lib/gcc/arm-none-eabi/4.8.4/armv6-m/libcr_eabihelpers.a(double.o)
                0x0000000000004a22                __aeabi_i2d
 .text.__aeabi_dcmpeq
                0x0000000000004a38       0x38 /Applications/lpcxpresso_7.5.0_254/lpcxpresso/tools/bin/../lib/gcc/arm-none-eabi/4.8.4/armv6-m/libcr_eabihelpers.a(double.o)
                0x0000000000004a38                __aeabi_dcmpeq
 .text.__aeabi_dcmplt
                0x0000000000004a70       0x78 /Applications/lpcxpresso_7.5.0_254/lpcxpresso/tools/bin/../lib/gcc/arm-none-eabi/4.8.4/armv6-m/libcr_eabihelpers.a(double.o)
                0x0000000000004a70                __aeabi_dcmplt
 .text.__aeabi_dcmple
                0x0000000000004ae8       0x78 /Applications/lpcxpresso_7.5.0_254/lpcxpresso/tools/bin/../lib/gcc/arm-none-eabi/4.8.4/armv6-m/libcr_eabihelpers.a(double.o)
                0x0000000000004ae8                __aeabi_dcmple
 .text.__aeabi_dcmpge
                0x0000000000004b60       0x70 /Applications/lpcxpresso_7.5.0_254/lpcxpresso/tools/bin/../lib/gcc/arm-none-eabi/4.8.4/armv6-m/libcr_eabihelpers.a(double.o)
                0x0000000000004b60                __aeabi_dcmpge
 .text.__aeabi_fmul
                0x0000000000004bd0       0xc8 /Applications/lpcxpresso_7.5.0_254/lpcxpresso/tools/bin/../lib/gcc/arm-none-eabi/4.8.4/armv6-m/libcr_eabihelpers.a(float.o)
                0x0000000000004bd0                __aeabi_fmul
 .text.__aeabi_fdiv
                0x0000000000004c98       0xe0 /Applications/lpcxpresso_7.5.0_254/lpcxpresso/tools/bin/../lib/gcc/arm-none-eabi/4.8.4/armv6-m/libcr_eabihelpers.a(float.o)
                0x0000000000004c98                __aeabi_fdiv
 .text.__aeabi_fsub
                0x0000000000004d78      0x130 /Applications/lpcxpresso_7.5.0_254/lpcxpresso/tools/bin/../lib/gcc/arm-none-eabi/4.8.4/armv6-m/libcr_eabihelpers.a(float.o)
                0x0000000000004d78                __aeabi_fsub
 .text.__aeabi_fadd
                0x0000000000004ea8       0xb8 /Applications/lpcxpresso_7.5.0_254/lpcxpresso/tools/bin/../lib/gcc/arm-none-eabi/4.8.4/armv6-m/libcr_eabihelpers.a(float.o)
                0x0000000000004ea8                __aeabi_fadd
 .text.__aeabi_f2uiz
                0x0000000000004f60       0x26 /Applications/lpcxpresso_7.5.0_254/lpcxpresso/tools/bin/../lib/gcc/arm-none-eabi/4.8.4/armv6-m/libcr_eabihelpers.a(float.o)
                0x0000000000004f60                __aeabi_f2uiz
 *fill*         0x0000000000004f86        0x2 
 .text.__aeabi_f2d
                0x0000000000004f88       0x3c /Applications/lpcxpresso_7.5.0_254/lpcxpresso/tools/bin/../lib/gcc/arm-none-eabi/4.8.4/armv6-m/libcr_eabihelpers.a(float.o)
                0x0000000000004f88                __aeabi_f2d
 .text.__aeabi_fcmplt
                0x0000000000004fc4       0x42 /Applications/lpcxpresso_7.5.0_254/lpcxpresso/tools/bin/../lib/gcc/arm-none-eabi/4.8.4/armv6-m/libcr_eabihelpers.a(float.o)
                0x0000000000004fc4                __aeabi_fcmplt
 .text.__aeabi_fcmpgt
                0x0000000000005006       0x3c /Applications/lpcxpresso_7.5.0_254/lpcxpresso/tools/bin/../lib/gcc/arm-none-eabi/4.8.4/armv6-m/libcr_eabihelpers.a(float.o)
                0x0000000000005006                __aeabi_fcmpgt
 .text.__aeabi_fcmpge
                0x0000000000005042       0x3c /Applications/lpcxpresso_7.5.0_254/lpcxpresso/tools/bin/../lib/gcc/arm-none-eabi/4.8.4/armv6-m/libcr_eabihelpers.a(float.o)
                0x0000000000005042                __aeabi_fcmpge
 .text.__aeabi_llong_lmul
                0x000000000000507e       0x2e /Applications/lpcxpresso_7.5.0_254/lpcxpresso/tools/bin/../lib/gcc/arm-none-eabi/4.8.4/armv6-m/libcr_eabihelpers.a(llong.o)
                0x000000000000507e                __aeabi_lmul
 .text.__aeabi_memcpy
                0x00000000000050ac       0x2c /Applications/lpcxpresso_7.5.0_254/lpcxpresso/tools/bin/../lib/gcc/arm-none-eabi/4.8.4/armv6-m/libcr_eabihelpers.a(memcpy.o)
                0x00000000000050ac                __aeabi_memcpy
                0x00000000000050ac                __aeabi_memcpy4
                0x00000000000050ac                __aeabi_memcpy8
 .text.__aeabi_memset_lowlevel
                0x00000000000050d8       0x2a /Applications/lpcxpresso_7.5.0_254/lpcxpresso/tools/bin/../lib/gcc/arm-none-eabi/4.8.4/armv6-m/libcr_eabihelpers.a(memcpy.o)
                0x00000000000050d8                __aeabi_lowlevel_memset
 *fill*         0x0000000000005102        0x2 
 .text.__sys_appexit
                0x0000000000005104        0xc /Applications/lpcxpresso_7.5.0_254/lpcxpresso/tools/bin/../lib/gcc/arm-none-eabi/4.8.4/../../../../arm-none-eabi/lib/armv6-m/libcr_semihost.a(__sys_appexit.o)
                0x0000000000005104                __exit
                0x0000000000005104                __sys_appexit
 .text.__sys_close
                0x0000000000005110        0xc /Applications/lpcxpresso_7.5.0_254/lpcxpresso/tools/bin/../lib/gcc/arm-none-eabi/4.8.4/../../../../arm-none-eabi/lib/armv6-m/libcr_semihost.a(__sys_close.o)
                0x0000000000005110                __sys_close
 .text.__sys_flen
                0x000000000000511c        0xc /Applications/lpcxpresso_7.5.0_254/lpcxpresso/tools/bin/../lib/gcc/arm-none-eabi/4.8.4/../../../../arm-none-eabi/lib/armv6-m/libcr_semihost.a(__sys_flen.o)
                0x000000000000511c                __sys_flen
 .text.__sys_istty
                0x0000000000005128        0xc /Applications/lpcxpresso_7.5.0_254/lpcxpresso/tools/bin/../lib/gcc/arm-none-eabi/4.8.4/../../../../arm-none-eabi/lib/armv6-m/libcr_semihost.a(__sys_istty.o)
                0x0000000000005128                __sys_istty
 .text.__sys_remove
                0x0000000000005134        0xc /Applications/lpcxpresso_7.5.0_254/lpcxpresso/tools/bin/../lib/gcc/arm-none-eabi/4.8.4/../../../../arm-none-eabi/lib/armv6-m/libcr_semihost.a(__sys_remove.o)
                0x0000000000005134                __sys_remove
 .text.__sys_seek
                0x0000000000005140        0xc /Applications/lpcxpresso_7.5.0_254/lpcxpresso/tools/bin/../lib/gcc/arm-none-eabi/4.8.4/../../../../arm-none-eabi/lib/armv6-m/libcr_semihost.a(__sys_seek.o)
                0x0000000000005140                __sys_seek
 .text.__sys_tmpnam
                0x000000000000514c        0xc /Applications/lpcxpresso_7.5.0_254/lpcxpresso/tools/bin/../lib/gcc/arm-none-eabi/4.8.4/../../../../arm-none-eabi/lib/armv6-m/libcr_semihost.a(__sys_tmpnam.o)
                0x000000000000514c                __sys_tmpnam
 .text.__sys_write
                0x0000000000005158        0xc /Applications/lpcxpresso_7.5.0_254/lpcxpresso/tools/bin/../lib/gcc/arm-none-eabi/4.8.4/../../../../arm-none-eabi/lib/armv6-m/libcr_semihost.a(__sys_write.o)
                0x0000000000005158                __write
                0x0000000000005158                __sys_write
 *(.rodata .rodata.* .constdata .constdata.*)
 .rodata.MODEM_CONFIG_TABLE
                0x0000000000005164      0x1c4 ./src/RF22.o
 .rodata        0x0000000000005328        0x4 ./src/RF22.o
 .rodata        0x000000000000532c       0x2c ./src/main.o
 .rodata.LPC_GPIO
                0x0000000000005358       0x10 ./driver/gpio.o
 .rodata.CSWTCH.8
                0x0000000000005368       0x40 ./cmsis/system_LPC11xx.o
 .rodata.str1.1
                0x00000000000053a8       0x34 /Applications/lpcxpresso_7.5.0_254/lpcxpresso/tools/bin/../lib/gcc/arm-none-eabi/4.8.4/../../../../arm-none-eabi/lib/armv6-m/libcr_c.a(fpprintf.o)
                                         0x35 (size before relaxing)
 .rodata.str1.1
                0x00000000000053dc        0x4 /Applications/lpcxpresso_7.5.0_254/lpcxpresso/tools/bin/../lib/gcc/arm-none-eabi/4.8.4/../../../../arm-none-eabi/lib/armv6-m/libcr_c.a(initio.o)
 .rodata.str1.1
                0x00000000000053e0       0x31 /Applications/lpcxpresso_7.5.0_254/lpcxpresso/tools/bin/../lib/gcc/arm-none-eabi/4.8.4/../../../../arm-none-eabi/lib/armv6-m/libcr_c.a(printf.o)
                                         0x38 (size before relaxing)
 .rodata.str1.1
                0x0000000000005411       0x18 /Applications/lpcxpresso_7.5.0_254/lpcxpresso/tools/bin/../lib/gcc/arm-none-eabi/4.8.4/../../../../arm-none-eabi/lib/armv6-m/libcr_c.a(alloc.o)
 *fill*         0x0000000000005429        0x7 
 .rodata.__huge_vall
                0x0000000000005430        0x8 /Applications/lpcxpresso_7.5.0_254/lpcxpresso/tools/bin/../lib/gcc/arm-none-eabi/4.8.4/../../../../arm-none-eabi/lib/armv6-m/libcr_c.a(_hugeval.o)
                0x0000000000005430                __huge_vall
                0x0000000000005438                . = ALIGN (0x4)

.glue_7         0x0000000000005438        0x0
 .glue_7        0x0000000000000000        0x0 linker stubs

.glue_7t        0x0000000000005438        0x0
 .glue_7t       0x0000000000000000        0x0 linker stubs

.vfp11_veneer   0x0000000000005438        0x0
 .vfp11_veneer  0x0000000000000000        0x0 linker stubs

.v4_bx          0x0000000000005438        0x0
 .v4_bx         0x0000000000000000        0x0 linker stubs

.iplt           0x0000000000005438        0x0
 .iplt          0x0000000000000000        0x0 ./startup/cr_startup_lpc11.o

.rel.dyn        0x0000000000005438        0x0
 .rel.iplt      0x0000000000000000        0x0 ./startup/cr_startup_lpc11.o

.ARM.extab
 *(.ARM.extab* .gnu.linkonce.armextab.*)
                0x0000000000005438                __exidx_start = .

.ARM.exidx
 *(.ARM.exidx* .gnu.linkonce.armexidx.*)
                0x0000000000005438                __exidx_end = .
                0x0000000000005438                _etext = .

.uninit_RESERVED
                0x0000000010000000        0x0
 *(.bss.$RESERVED*)
                0x0000000010000000                . = ALIGN (0x4)
                0x0000000010000000                _end_uninit_RESERVED = .

.data           0x0000000010000000      0x1cc load address 0x0000000000005438
 FILL mask 0xff
                0x0000000010000000                _data = .
 *(vtable)
 *(.ramfunc*)
 *(.data*)
 .data.ledStatus
                0x0000000010000000      0x1b8 ./src/led.o
 .data.data     0x00000000100001b8       0x10 ./src/main.o
                0x00000000100001b8                data
 .data.SystemCoreClock
                0x00000000100001c8        0x4 ./cmsis/system_LPC11xx.o
                0x00000000100001c8                SystemCoreClock
                0x00000000100001cc                . = ALIGN (0x4)
                0x00000000100001cc                _edata = .

.igot.plt       0x00000000100001cc        0x0 load address 0x0000000000005604
 .igot.plt      0x0000000000000000        0x0 ./startup/cr_startup_lpc11.o

.bss            0x00000000100001cc      0x3c8 load address 0x0000000000005604
                0x00000000100001cc                _bss = .
 *(.bss*)
 .bss._mode     0x00000000100001cc        0x1 ./src/RF22.o
 .bss._idleMode
                0x00000000100001cd        0x1 ./src/RF22.o
 .bss._slaveSelectPin
                0x00000000100001ce        0x1 ./src/RF22.o
 .bss._spiPortNum
                0x00000000100001cf        0x1 ./src/RF22.o
 .bss._deviceType
                0x00000000100001d0        0x1 ./src/RF22.o
 *fill*         0x00000000100001d1        0x3 
 .bss._buf      0x00000000100001d4      0x100 ./src/RF22.o
 .bss.lastState.3803
                0x00000000100002d4        0x1 ./src/led.o
 *fill*         0x00000000100002d5        0x3 
 .bss.timer32_0_counter
                0x00000000100002d8        0x4 ./driver/timer32.o
                0x00000000100002d8                timer32_0_counter
 .bss.timer32_0_capture
                0x00000000100002dc        0x4 ./driver/timer32.o
                0x00000000100002dc                timer32_0_capture
 .bss.errno     0x00000000100002e0        0x4 /Applications/lpcxpresso_7.5.0_254/lpcxpresso/tools/bin/../lib/gcc/arm-none-eabi/4.8.4/../../../../arm-none-eabi/lib/armv6-m/libcr_c.a(errno.o)
                0x00000000100002e0                errno
 *(COMMON)
 COMMON         0x00000000100002e4       0x15 ./src/RF22.o
                0x00000000100002e4                _bufLen
                0x00000000100002e5                _rxHeaderTo
                0x00000000100002e6                _lastRssi
                0x00000000100002e7                _promiscuous
                0x00000000100002e8                _txGood
                0x00000000100002ea                _txPacketSent
                0x00000000100002eb                _txBufSentIndex
                0x00000000100002ec                _rxGood
                0x00000000100002ee                _thisAddress
                0x00000000100002ef                _txHeaderFrom
                0x00000000100002f0                _txHeaderTo
                0x00000000100002f1                _txHeaderId
                0x00000000100002f2                _rxHeaderId
                0x00000000100002f3                _rxBufValid
                0x00000000100002f4                _rxHeaderFrom
                0x00000000100002f5                _txHeaderFlags
                0x00000000100002f6                _rxBad
                0x00000000100002f8                _rxHeaderFlags
 *fill*         0x00000000100002f9        0x3 
 COMMON         0x00000000100002fc      0x10b ./src/RHReliableDatagram.o
                0x00000000100002fc                _retransmissions
                0x0000000010000300                _retries
                0x0000000010000304                _seenIds
                0x0000000010000404                _timeout
                0x0000000010000406                _lastSequenceNumber
 *fill*         0x0000000010000407        0x1 
 COMMON         0x0000000010000408       0x30 ./src/main.o
                0x0000000010000408                MsCount
                0x000000001000040c                buf
 COMMON         0x0000000010000438       0x10 ./src/trigInput.o
                0x0000000010000438                timeLast1
                0x000000001000043c                timeLast2
                0x0000000010000440                timeEdge1
                0x0000000010000444                timeEdge2
 COMMON         0x0000000010000448        0x4 /Applications/lpcxpresso_7.5.0_254/lpcxpresso/tools/bin/../lib/gcc/arm-none-eabi/4.8.4/../../../../arm-none-eabi/lib/armv6-m/libcr_c.a(initio.o)
                0x0000000010000448                _extra
 COMMON         0x000000001000044c      0x140 /Applications/lpcxpresso_7.5.0_254/lpcxpresso/tools/bin/../lib/gcc/arm-none-eabi/4.8.4/../../../../arm-none-eabi/lib/armv6-m/libcr_c.a(stdio.o)
                0x000000001000044c                __Ciob
 COMMON         0x000000001000058c        0x8 /Applications/lpcxpresso_7.5.0_254/lpcxpresso/tools/bin/../lib/gcc/arm-none-eabi/4.8.4/../../../../arm-none-eabi/lib/armv6-m/libcr_c.a(__init_alloc.o)
                0x000000001000058c                __heaps
                0x0000000010000590                __end_of_heap
                0x0000000010000594                . = ALIGN (0x4)
                0x0000000010000594                _ebss = .
                0x0000000010000594                PROVIDE (end, .)

.noinit         0x0000000010000594        0x0 load address 0x0000000000005604
                0x0000000010000594                _noinit = .
 *(.noinit*)
                0x0000000010000594                . = ALIGN (0x4)
                0x0000000010000594                _end_noinit = .
                0x0000000010000594                PROVIDE (_pvHeapStart, DEFINED (__user_heap_base)?__user_heap_base:.)
                0x0000000010002000                PROVIDE (_vStackTop, DEFINED (__user_stack_top)?__user_stack_top:(__top_RamLoc8 - 0x0))
OUTPUT(blinky.axf elf32-littlearm)

.debug_info     0x0000000000000000     0x4acd
 .debug_info    0x0000000000000000      0x186 ./startup/cr_startup_lpc11.o
 .debug_info    0x0000000000000186     0x1059 ./src/RF22.o
 .debug_info    0x00000000000011df      0x5cc ./src/RHReliableDatagram.o
 .debug_info    0x00000000000017ab      0x20b ./src/led.o
 .debug_info    0x00000000000019b6      0x106 ./src/m0utils.o
 .debug_info    0x0000000000001abc      0xa4a ./src/main.o
 .debug_info    0x0000000000002506      0x7b5 ./src/spi.o
 .debug_info    0x0000000000002cbb      0x6bd ./src/trigInput.o
 .debug_info    0x0000000000003378      0x737 ./driver/gpio.o
 .debug_info    0x0000000000003aaf      0xb3c ./driver/timer32.o
 .debug_info    0x00000000000045eb      0x4e2 ./cmsis/system_LPC11xx.o

.debug_abbrev   0x0000000000000000     0x1135
 .debug_abbrev  0x0000000000000000       0xb9 ./startup/cr_startup_lpc11.o
 .debug_abbrev  0x00000000000000b9      0x2f4 ./src/RF22.o
 .debug_abbrev  0x00000000000003ad      0x130 ./src/RHReliableDatagram.o
 .debug_abbrev  0x00000000000004dd      0x123 ./src/led.o
 .debug_abbrev  0x0000000000000600       0xc0 ./src/m0utils.o
 .debug_abbrev  0x00000000000006c0      0x278 ./src/main.o
 .debug_abbrev  0x0000000000000938      0x159 ./src/spi.o
 .debug_abbrev  0x0000000000000a91      0x1c6 ./src/trigInput.o
 .debug_abbrev  0x0000000000000c57      0x1bb ./driver/gpio.o
 .debug_abbrev  0x0000000000000e12      0x1d8 ./driver/timer32.o
 .debug_abbrev  0x0000000000000fea      0x14b ./cmsis/system_LPC11xx.o

.debug_aranges  0x0000000000000000      0x4a8
 .debug_aranges
                0x0000000000000000       0x50 ./startup/cr_startup_lpc11.o
 .debug_aranges
                0x0000000000000050      0x1d0 ./src/RF22.o
 .debug_aranges
                0x0000000000000220       0x78 ./src/RHReliableDatagram.o
 .debug_aranges
                0x0000000000000298       0x38 ./src/led.o
 .debug_aranges
                0x00000000000002d0       0x38 ./src/m0utils.o
 .debug_aranges
                0x0000000000000308       0x50 ./src/main.o
 .debug_aranges
                0x0000000000000358       0x30 ./src/spi.o
 .debug_aranges
                0x0000000000000388       0x40 ./src/trigInput.o
 .debug_aranges
                0x00000000000003c8       0x58 ./driver/gpio.o
 .debug_aranges
                0x0000000000000420       0x60 ./driver/timer32.o
 .debug_aranges
                0x0000000000000480       0x28 ./cmsis/system_LPC11xx.o

.debug_ranges   0x0000000000000000      0x3f8
 .debug_ranges  0x0000000000000000       0x40 ./startup/cr_startup_lpc11.o
 .debug_ranges  0x0000000000000040      0x1c0 ./src/RF22.o
 .debug_ranges  0x0000000000000200       0x68 ./src/RHReliableDatagram.o
 .debug_ranges  0x0000000000000268       0x28 ./src/led.o
 .debug_ranges  0x0000000000000290       0x28 ./src/m0utils.o
 .debug_ranges  0x00000000000002b8       0x40 ./src/main.o
 .debug_ranges  0x00000000000002f8       0x20 ./src/spi.o
 .debug_ranges  0x0000000000000318       0x30 ./src/trigInput.o
 .debug_ranges  0x0000000000000348       0x48 ./driver/gpio.o
 .debug_ranges  0x0000000000000390       0x50 ./driver/timer32.o
 .debug_ranges  0x00000000000003e0       0x18 ./cmsis/system_LPC11xx.o

.debug_macro    0x0000000000000000     0x32f7
 .debug_macro   0x0000000000000000       0x57 ./startup/cr_startup_lpc11.o
 .debug_macro   0x0000000000000057      0x81a ./startup/cr_startup_lpc11.o
 .debug_macro   0x0000000000000871       0x10 ./startup/cr_startup_lpc11.o
 .debug_macro   0x0000000000000881      0x12d ./startup/cr_startup_lpc11.o
 .debug_macro   0x00000000000009ae      0x5b2 ./startup/cr_startup_lpc11.o
 .debug_macro   0x0000000000000f60       0x87 ./startup/cr_startup_lpc11.o
 .debug_macro   0x0000000000000fe7       0xc1 ./src/RF22.o
 .debug_macro   0x00000000000010a8       0x1c ./src/RF22.o
 .debug_macro   0x00000000000010c4       0x22 ./src/RF22.o
 .debug_macro   0x00000000000010e6      0x37a ./src/RF22.o
 .debug_macro   0x0000000000001460       0x8d ./src/RF22.o
 .debug_macro   0x00000000000014ed      0x123 ./src/RF22.o
 .debug_macro   0x0000000000001610       0x22 ./src/RF22.o
 .debug_macro   0x0000000000001632       0xa0 ./src/RF22.o
 .debug_macro   0x00000000000016d2       0x22 ./src/RF22.o
 .debug_macro   0x00000000000016f4      0x7cf ./src/RF22.o
 .debug_macro   0x0000000000001ec3       0xc4 ./src/RF22.o
 .debug_macro   0x0000000000001f87       0x10 ./src/RF22.o
 .debug_macro   0x0000000000001f97       0xe8 ./src/RF22.o
 .debug_macro   0x000000000000207f       0x22 ./src/RF22.o
 .debug_macro   0x00000000000020a1       0x7e ./src/RHReliableDatagram.o
 .debug_macro   0x000000000000211f       0x28 ./src/RHReliableDatagram.o
 .debug_macro   0x0000000000002147       0x16 ./src/RHReliableDatagram.o
 .debug_macro   0x000000000000215d       0x5a ./src/led.o
 .debug_macro   0x00000000000021b7       0x28 ./src/led.o
 .debug_macro   0x00000000000021df       0xc4 ./src/led.o
 .debug_macro   0x00000000000022a3       0x11 ./src/m0utils.o
 .debug_macro   0x00000000000022b4       0xfd ./src/main.o
 .debug_macro   0x00000000000023b1       0x2e ./src/main.o
 .debug_macro   0x00000000000023df       0x46 ./src/main.o
 .debug_macro   0x0000000000002425      0x7cf ./src/main.o
 .debug_macro   0x0000000000002bf4       0x34 ./src/main.o
 .debug_macro   0x0000000000002c28       0x1c ./src/main.o
 .debug_macro   0x0000000000002c44       0x2e ./src/main.o
 .debug_macro   0x0000000000002c72       0x79 ./src/spi.o
 .debug_macro   0x0000000000002ceb       0xd9 ./src/trigInput.o
 .debug_macro   0x0000000000002dc4       0x79 ./driver/gpio.o
 .debug_macro   0x0000000000002e3d       0x79 ./driver/timer32.o
 .debug_macro   0x0000000000002eb6       0xa9 ./cmsis/system_LPC11xx.o
 .debug_macro   0x0000000000002f5f      0x398 ./cmsis/system_LPC11xx.o

.debug_line     0x0000000000000000     0x1ad9
 .debug_line    0x0000000000000000      0x1db ./startup/cr_startup_lpc11.o
 .debug_line    0x00000000000001db      0x6f3 ./src/RF22.o
 .debug_line    0x00000000000008ce      0x294 ./src/RHReliableDatagram.o
 .debug_line    0x0000000000000b62      0x172 ./src/led.o
 .debug_line    0x0000000000000cd4       0x7d ./src/m0utils.o
 .debug_line    0x0000000000000d51      0x2ca ./src/main.o
 .debug_line    0x000000000000101b      0x1ce ./src/spi.o
 .debug_line    0x00000000000011e9      0x217 ./src/trigInput.o
 .debug_line    0x0000000000001400      0x264 ./driver/gpio.o
 .debug_line    0x0000000000001664      0x2b8 ./driver/timer32.o
 .debug_line    0x000000000000191c      0x1bd ./cmsis/system_LPC11xx.o

.debug_str      0x0000000000000000     0x9ae5
 .debug_str     0x0000000000000000     0x3cce ./startup/cr_startup_lpc11.o
                                       0x3d59 (size before relaxing)
 .debug_str     0x0000000000003cce     0x4e00 ./src/RF22.o
                                       0x8b52 (size before relaxing)
 .debug_str     0x0000000000008ace      0x180 ./src/RHReliableDatagram.o
                                       0x61f6 (size before relaxing)
 .debug_str     0x0000000000008c4e      0x156 ./src/led.o
                                       0x2afa (size before relaxing)
 .debug_str     0x0000000000008da4       0x40 ./src/m0utils.o
                                       0x235e (size before relaxing)
 .debug_str     0x0000000000008de4      0x480 ./src/main.o
                                       0x8a3f (size before relaxing)
 .debug_str     0x0000000000009264      0x2b8 ./src/spi.o
                                       0x60e7 (size before relaxing)
 .debug_str     0x000000000000951c      0x116 ./src/trigInput.o
                                       0x656b (size before relaxing)
 .debug_str     0x0000000000009632       0x94 ./driver/gpio.o
                                       0x5d4f (size before relaxing)
 .debug_str     0x00000000000096c6      0x13f ./driver/timer32.o
                                       0x61c8 (size before relaxing)
 .debug_str     0x0000000000009805      0x2e0 ./cmsis/system_LPC11xx.o
                                       0x5ddb (size before relaxing)

.comment        0x0000000000000000       0xe0
 .comment       0x0000000000000000       0x70 ./startup/cr_startup_lpc11.o
                                         0x71 (size before relaxing)
 .comment       0x0000000000000000       0x71 ./src/RF22.o
 .comment       0x0000000000000000       0x71 ./src/RHReliableDatagram.o
 .comment       0x0000000000000000       0x71 ./src/led.o
 .comment       0x0000000000000000       0x71 ./src/m0utils.o
 .comment       0x0000000000000000       0x71 ./src/main.o
 .comment       0x0000000000000000       0x71 ./src/spi.o
 .comment       0x0000000000000000       0x71 ./src/trigInput.o
 .comment       0x0000000000000000       0x71 ./driver/gpio.o
 .comment       0x0000000000000000       0x71 ./driver/timer32.o
 .comment       0x0000000000000000       0x71 ./cmsis/system_LPC11xx.o
 .comment       0x0000000000000070       0x70 /Applications/lpcxpresso_7.5.0_254/lpcxpresso/tools/bin/../lib/gcc/arm-none-eabi/4.8.4/../../../../arm-none-eabi/lib/armv6-m/libcr_semihost.a(_cr__main.o)
                                         0x71 (size before relaxing)
 .comment       0x0000000000000000       0x71 /Applications/lpcxpresso_7.5.0_254/lpcxpresso/tools/bin/../lib/gcc/arm-none-eabi/4.8.4/../../../../arm-none-eabi/lib/armv6-m/libcr_c.a(memcpy.o)
 .comment       0x0000000000000000       0x71 /Applications/lpcxpresso_7.5.0_254/lpcxpresso/tools/bin/../lib/gcc/arm-none-eabi/4.8.4/../../../../arm-none-eabi/lib/armv6-m/libcr_c.a(floor.o)
 .comment       0x0000000000000000       0x71 /Applications/lpcxpresso_7.5.0_254/lpcxpresso/tools/bin/../lib/gcc/arm-none-eabi/4.8.4/../../../../arm-none-eabi/lib/armv6-m/libcr_c.a(fpprintf.o)
 .comment       0x0000000000000000       0x71 /Applications/lpcxpresso_7.5.0_254/lpcxpresso/tools/bin/../lib/gcc/arm-none-eabi/4.8.4/../../../../arm-none-eabi/lib/armv6-m/libcr_c.a(initio.o)
 .comment       0x0000000000000000       0x71 /Applications/lpcxpresso_7.5.0_254/lpcxpresso/tools/bin/../lib/gcc/arm-none-eabi/4.8.4/../../../../arm-none-eabi/lib/armv6-m/libcr_c.a(printf.o)
 .comment       0x0000000000000000       0x71 /Applications/lpcxpresso_7.5.0_254/lpcxpresso/tools/bin/../lib/gcc/arm-none-eabi/4.8.4/../../../../arm-none-eabi/lib/armv6-m/libcr_c.a(setvbuf.o)
 .comment       0x0000000000000000       0x71 /Applications/lpcxpresso_7.5.0_254/lpcxpresso/tools/bin/../lib/gcc/arm-none-eabi/4.8.4/../../../../arm-none-eabi/lib/armv6-m/libcr_c.a(stdio.o)
 .comment       0x0000000000000000       0x71 /Applications/lpcxpresso_7.5.0_254/lpcxpresso/tools/bin/../lib/gcc/arm-none-eabi/4.8.4/../../../../arm-none-eabi/lib/armv6-m/libcr_c.a(strlen.o)
 .comment       0x0000000000000000       0x71 /Applications/lpcxpresso_7.5.0_254/lpcxpresso/tools/bin/../lib/gcc/arm-none-eabi/4.8.4/../../../../arm-none-eabi/lib/armv6-m/libcr_c.a(memset.o)
 .comment       0x0000000000000000       0x71 /Applications/lpcxpresso_7.5.0_254/lpcxpresso/tools/bin/../lib/gcc/arm-none-eabi/4.8.4/../../../../arm-none-eabi/lib/armv6-m/libcr_c.a(_deferredlazyseek.o)
 .comment       0x0000000000000000       0x71 /Applications/lpcxpresso_7.5.0_254/lpcxpresso/tools/bin/../lib/gcc/arm-none-eabi/4.8.4/../../../../arm-none-eabi/lib/armv6-m/libcr_c.a(_fdopen.o)
 .comment       0x0000000000000000       0x71 /Applications/lpcxpresso_7.5.0_254/lpcxpresso/tools/bin/../lib/gcc/arm-none-eabi/4.8.4/../../../../arm-none-eabi/lib/armv6-m/libcr_c.a(_fflush.o)
 .comment       0x0000000000000000       0x71 /Applications/lpcxpresso_7.5.0_254/lpcxpresso/tools/bin/../lib/gcc/arm-none-eabi/4.8.4/../../../../arm-none-eabi/lib/armv6-m/libcr_c.a(_frexpl.o)
 .comment       0x0000000000000000       0x71 /Applications/lpcxpresso_7.5.0_254/lpcxpresso/tools/bin/../lib/gcc/arm-none-eabi/4.8.4/../../../../arm-none-eabi/lib/armv6-m/libcr_c.a(_ldexpl.o)
 .comment       0x0000000000000000       0x71 /Applications/lpcxpresso_7.5.0_254/lpcxpresso/tools/bin/../lib/gcc/arm-none-eabi/4.8.4/../../../../arm-none-eabi/lib/armv6-m/libcr_c.a(_writebuf.o)
 .comment       0x0000000000000000       0x71 /Applications/lpcxpresso_7.5.0_254/lpcxpresso/tools/bin/../lib/gcc/arm-none-eabi/4.8.4/../../../../arm-none-eabi/lib/armv6-m/libcr_c.a(alloc.o)
 .comment       0x0000000000000000       0x71 /Applications/lpcxpresso_7.5.0_254/lpcxpresso/tools/bin/../lib/gcc/arm-none-eabi/4.8.4/../../../../arm-none-eabi/lib/armv6-m/libcr_c.a(errno.o)
 .comment       0x0000000000000000       0x71 /Applications/lpcxpresso_7.5.0_254/lpcxpresso/tools/bin/../lib/gcc/arm-none-eabi/4.8.4/../../../../arm-none-eabi/lib/armv6-m/libcr_c.a(fclose.o)
 .comment       0x0000000000000000       0x71 /Applications/lpcxpresso_7.5.0_254/lpcxpresso/tools/bin/../lib/gcc/arm-none-eabi/4.8.4/../../../../arm-none-eabi/lib/armv6-m/libcr_c.a(fflush.o)
 .comment       0x0000000000000000       0x71 /Applications/lpcxpresso_7.5.0_254/lpcxpresso/tools/bin/../lib/gcc/arm-none-eabi/4.8.4/../../../../arm-none-eabi/lib/armv6-m/libcr_c.a(fseek.o)
 .comment       0x0000000000000000       0x71 /Applications/lpcxpresso_7.5.0_254/lpcxpresso/tools/bin/../lib/gcc/arm-none-eabi/4.8.4/../../../../arm-none-eabi/lib/armv6-m/libcr_c.a(ftell.o)
 .comment       0x0000000000000000       0x71 /Applications/lpcxpresso_7.5.0_254/lpcxpresso/tools/bin/../lib/gcc/arm-none-eabi/4.8.4/../../../../arm-none-eabi/lib/armv6-m/libcr_c.a(remove.o)
 .comment       0x0000000000000000       0x71 /Applications/lpcxpresso_7.5.0_254/lpcxpresso/tools/bin/../lib/gcc/arm-none-eabi/4.8.4/../../../../arm-none-eabi/lib/armv6-m/libcr_c.a(__init_alloc.o)
 .comment       0x0000000000000000       0x71 /Applications/lpcxpresso_7.5.0_254/lpcxpresso/tools/bin/../lib/gcc/arm-none-eabi/4.8.4/../../../../arm-none-eabi/lib/armv6-m/libcr_c.a(_cr_sbrk.o)
 .comment       0x0000000000000000       0x71 /Applications/lpcxpresso_7.5.0_254/lpcxpresso/tools/bin/../lib/gcc/arm-none-eabi/4.8.4/../../../../arm-none-eabi/lib/armv6-m/libcr_c.a(_do_fflush.o)
 .comment       0x0000000000000000       0x71 /Applications/lpcxpresso_7.5.0_254/lpcxpresso/tools/bin/../lib/gcc/arm-none-eabi/4.8.4/../../../../arm-none-eabi/lib/armv6-m/libcr_c.a(_hugeval.o)
 .comment       0x0000000000000000       0x71 /Applications/lpcxpresso_7.5.0_254/lpcxpresso/tools/bin/../lib/gcc/arm-none-eabi/4.8.4/../../../../arm-none-eabi/lib/armv6-m/libcr_c.a(_cr_check_heap.o)
 .comment       0x0000000000000000       0x71 /Applications/lpcxpresso_7.5.0_254/lpcxpresso/tools/bin/../lib/gcc/arm-none-eabi/4.8.4/armv6-m/libcr_eabihelpers.a(double.o)
 .comment       0x0000000000000000       0x71 /Applications/lpcxpresso_7.5.0_254/lpcxpresso/tools/bin/../lib/gcc/arm-none-eabi/4.8.4/armv6-m/libcr_eabihelpers.a(float.o)

.ARM.attributes
                0x0000000000000000       0x2f
 .ARM.attributes
                0x0000000000000000       0x31 ./startup/cr_startup_lpc11.o
 .ARM.attributes
                0x0000000000000031       0x31 ./src/RF22.o
 .ARM.attributes
                0x0000000000000062       0x31 ./src/RHReliableDatagram.o
 .ARM.attributes
                0x0000000000000093       0x31 ./src/led.o
 .ARM.attributes
                0x00000000000000c4       0x31 ./src/m0utils.o
 .ARM.attributes
                0x00000000000000f5       0x31 ./src/main.o
 .ARM.attributes
                0x0000000000000126       0x31 ./src/spi.o
 .ARM.attributes
                0x0000000000000157       0x31 ./src/trigInput.o
 .ARM.attributes
                0x0000000000000188       0x31 ./driver/gpio.o
 .ARM.attributes
                0x00000000000001b9       0x31 ./driver/timer32.o
 .ARM.attributes
                0x00000000000001ea       0x31 ./cmsis/system_LPC11xx.o
 .ARM.attributes
                0x000000000000021b       0x31 /Applications/lpcxpresso_7.5.0_254/lpcxpresso/tools/bin/../lib/gcc/arm-none-eabi/4.8.4/../../../../arm-none-eabi/lib/armv6-m/libcr_semihost.a(_cr__main.o)
 .ARM.attributes
                0x000000000000024c       0x31 /Applications/lpcxpresso_7.5.0_254/lpcxpresso/tools/bin/../lib/gcc/arm-none-eabi/4.8.4/../../../../arm-none-eabi/lib/armv6-m/libcr_c.a(memcpy.o)
 .ARM.attributes
                0x000000000000027d       0x31 /Applications/lpcxpresso_7.5.0_254/lpcxpresso/tools/bin/../lib/gcc/arm-none-eabi/4.8.4/../../../../arm-none-eabi/lib/armv6-m/libcr_c.a(floor.o)
 .ARM.attributes
                0x00000000000002ae       0x31 /Applications/lpcxpresso_7.5.0_254/lpcxpresso/tools/bin/../lib/gcc/arm-none-eabi/4.8.4/../../../../arm-none-eabi/lib/armv6-m/libcr_c.a(fpprintf.o)
 .ARM.attributes
                0x00000000000002df       0x31 /Applications/lpcxpresso_7.5.0_254/lpcxpresso/tools/bin/../lib/gcc/arm-none-eabi/4.8.4/../../../../arm-none-eabi/lib/armv6-m/libcr_c.a(initio.o)
 .ARM.attributes
                0x0000000000000310       0x31 /Applications/lpcxpresso_7.5.0_254/lpcxpresso/tools/bin/../lib/gcc/arm-none-eabi/4.8.4/../../../../arm-none-eabi/lib/armv6-m/libcr_c.a(printf.o)
 .ARM.attributes
                0x0000000000000341       0x31 /Applications/lpcxpresso_7.5.0_254/lpcxpresso/tools/bin/../lib/gcc/arm-none-eabi/4.8.4/../../../../arm-none-eabi/lib/armv6-m/libcr_c.a(setvbuf.o)
 .ARM.attributes
                0x0000000000000372       0x31 /Applications/lpcxpresso_7.5.0_254/lpcxpresso/tools/bin/../lib/gcc/arm-none-eabi/4.8.4/../../../../arm-none-eabi/lib/armv6-m/libcr_c.a(stdio.o)
 .ARM.attributes
                0x00000000000003a3       0x31 /Applications/lpcxpresso_7.5.0_254/lpcxpresso/tools/bin/../lib/gcc/arm-none-eabi/4.8.4/../../../../arm-none-eabi/lib/armv6-m/libcr_c.a(strlen.o)
 .ARM.attributes
                0x00000000000003d4       0x31 /Applications/lpcxpresso_7.5.0_254/lpcxpresso/tools/bin/../lib/gcc/arm-none-eabi/4.8.4/../../../../arm-none-eabi/lib/armv6-m/libcr_c.a(memset.o)
 .ARM.attributes
                0x0000000000000405       0x31 /Applications/lpcxpresso_7.5.0_254/lpcxpresso/tools/bin/../lib/gcc/arm-none-eabi/4.8.4/../../../../arm-none-eabi/lib/armv6-m/libcr_c.a(_deferredlazyseek.o)
 .ARM.attributes
                0x0000000000000436       0x31 /Applications/lpcxpresso_7.5.0_254/lpcxpresso/tools/bin/../lib/gcc/arm-none-eabi/4.8.4/../../../../arm-none-eabi/lib/armv6-m/libcr_c.a(_fdopen.o)
 .ARM.attributes
                0x0000000000000467       0x31 /Applications/lpcxpresso_7.5.0_254/lpcxpresso/tools/bin/../lib/gcc/arm-none-eabi/4.8.4/../../../../arm-none-eabi/lib/armv6-m/libcr_c.a(_fflush.o)
 .ARM.attributes
                0x0000000000000498       0x31 /Applications/lpcxpresso_7.5.0_254/lpcxpresso/tools/bin/../lib/gcc/arm-none-eabi/4.8.4/../../../../arm-none-eabi/lib/armv6-m/libcr_c.a(_frexpl.o)
 .ARM.attributes
                0x00000000000004c9       0x31 /Applications/lpcxpresso_7.5.0_254/lpcxpresso/tools/bin/../lib/gcc/arm-none-eabi/4.8.4/../../../../arm-none-eabi/lib/armv6-m/libcr_c.a(_ldexpl.o)
 .ARM.attributes
                0x00000000000004fa       0x31 /Applications/lpcxpresso_7.5.0_254/lpcxpresso/tools/bin/../lib/gcc/arm-none-eabi/4.8.4/../../../../arm-none-eabi/lib/armv6-m/libcr_c.a(_writebuf.o)
 .ARM.attributes
                0x000000000000052b       0x31 /Applications/lpcxpresso_7.5.0_254/lpcxpresso/tools/bin/../lib/gcc/arm-none-eabi/4.8.4/../../../../arm-none-eabi/lib/armv6-m/libcr_c.a(alloc.o)
 .ARM.attributes
                0x000000000000055c       0x31 /Applications/lpcxpresso_7.5.0_254/lpcxpresso/tools/bin/../lib/gcc/arm-none-eabi/4.8.4/../../../../arm-none-eabi/lib/armv6-m/libcr_c.a(errno.o)
 .ARM.attributes
                0x000000000000058d       0x31 /Applications/lpcxpresso_7.5.0_254/lpcxpresso/tools/bin/../lib/gcc/arm-none-eabi/4.8.4/../../../../arm-none-eabi/lib/armv6-m/libcr_c.a(fclose.o)
 .ARM.attributes
                0x00000000000005be       0x31 /Applications/lpcxpresso_7.5.0_254/lpcxpresso/tools/bin/../lib/gcc/arm-none-eabi/4.8.4/../../../../arm-none-eabi/lib/armv6-m/libcr_c.a(fflush.o)
 .ARM.attributes
                0x00000000000005ef       0x31 /Applications/lpcxpresso_7.5.0_254/lpcxpresso/tools/bin/../lib/gcc/arm-none-eabi/4.8.4/../../../../arm-none-eabi/lib/armv6-m/libcr_c.a(fseek.o)
 .ARM.attributes
                0x0000000000000620       0x31 /Applications/lpcxpresso_7.5.0_254/lpcxpresso/tools/bin/../lib/gcc/arm-none-eabi/4.8.4/../../../../arm-none-eabi/lib/armv6-m/libcr_c.a(ftell.o)
 .ARM.attributes
                0x0000000000000651       0x31 /Applications/lpcxpresso_7.5.0_254/lpcxpresso/tools/bin/../lib/gcc/arm-none-eabi/4.8.4/../../../../arm-none-eabi/lib/armv6-m/libcr_c.a(remove.o)
 .ARM.attributes
                0x0000000000000682       0x31 /Applications/lpcxpresso_7.5.0_254/lpcxpresso/tools/bin/../lib/gcc/arm-none-eabi/4.8.4/../../../../arm-none-eabi/lib/armv6-m/libcr_c.a(__init_alloc.o)
 .ARM.attributes
                0x00000000000006b3       0x31 /Applications/lpcxpresso_7.5.0_254/lpcxpresso/tools/bin/../lib/gcc/arm-none-eabi/4.8.4/../../../../arm-none-eabi/lib/armv6-m/libcr_c.a(_cr_sbrk.o)
 .ARM.attributes
                0x00000000000006e4       0x31 /Applications/lpcxpresso_7.5.0_254/lpcxpresso/tools/bin/../lib/gcc/arm-none-eabi/4.8.4/../../../../arm-none-eabi/lib/armv6-m/libcr_c.a(_do_fflush.o)
 .ARM.attributes
                0x0000000000000715       0x31 /Applications/lpcxpresso_7.5.0_254/lpcxpresso/tools/bin/../lib/gcc/arm-none-eabi/4.8.4/../../../../arm-none-eabi/lib/armv6-m/libcr_c.a(_hugeval.o)
 .ARM.attributes
                0x0000000000000746       0x31 /Applications/lpcxpresso_7.5.0_254/lpcxpresso/tools/bin/../lib/gcc/arm-none-eabi/4.8.4/../../../../arm-none-eabi/lib/armv6-m/libcr_c.a(_cr_check_heap.o)
 .ARM.attributes
                0x0000000000000777       0x21 /Applications/lpcxpresso_7.5.0_254/lpcxpresso/tools/bin/../lib/gcc/arm-none-eabi/4.8.4/armv6-m/libcr_eabihelpers.a(division_32.o)
 .ARM.attributes
                0x0000000000000798       0x21 /Applications/lpcxpresso_7.5.0_254/lpcxpresso/tools/bin/../lib/gcc/arm-none-eabi/4.8.4/armv6-m/libcr_eabihelpers.a(division_idiv0.o)
 .ARM.attributes
                0x00000000000007b9       0x31 /Applications/lpcxpresso_7.5.0_254/lpcxpresso/tools/bin/../lib/gcc/arm-none-eabi/4.8.4/armv6-m/libcr_eabihelpers.a(double.o)
 .ARM.attributes
                0x00000000000007ea       0x31 /Applications/lpcxpresso_7.5.0_254/lpcxpresso/tools/bin/../lib/gcc/arm-none-eabi/4.8.4/armv6-m/libcr_eabihelpers.a(float.o)
 .ARM.attributes
                0x000000000000081b       0x21 /Applications/lpcxpresso_7.5.0_254/lpcxpresso/tools/bin/../lib/gcc/arm-none-eabi/4.8.4/armv6-m/libcr_eabihelpers.a(llong.o)
 .ARM.attributes
                0x000000000000083c       0x21 /Applications/lpcxpresso_7.5.0_254/lpcxpresso/tools/bin/../lib/gcc/arm-none-eabi/4.8.4/armv6-m/libcr_eabihelpers.a(memcpy.o)
 .ARM.attributes
                0x000000000000085d       0x21 /Applications/lpcxpresso_7.5.0_254/lpcxpresso/tools/bin/../lib/gcc/arm-none-eabi/4.8.4/../../../../arm-none-eabi/lib/armv6-m/libcr_semihost.a(__sys_appexit.o)
 .ARM.attributes
                0x000000000000087e       0x21 /Applications/lpcxpresso_7.5.0_254/lpcxpresso/tools/bin/../lib/gcc/arm-none-eabi/4.8.4/../../../../arm-none-eabi/lib/armv6-m/libcr_semihost.a(__sys_close.o)
 .ARM.attributes
                0x000000000000089f       0x21 /Applications/lpcxpresso_7.5.0_254/lpcxpresso/tools/bin/../lib/gcc/arm-none-eabi/4.8.4/../../../../arm-none-eabi/lib/armv6-m/libcr_semihost.a(__sys_flen.o)
 .ARM.attributes
                0x00000000000008c0       0x21 /Applications/lpcxpresso_7.5.0_254/lpcxpresso/tools/bin/../lib/gcc/arm-none-eabi/4.8.4/../../../../arm-none-eabi/lib/armv6-m/libcr_semihost.a(__sys_istty.o)
 .ARM.attributes
                0x00000000000008e1       0x21 /Applications/lpcxpresso_7.5.0_254/lpcxpresso/tools/bin/../lib/gcc/arm-none-eabi/4.8.4/../../../../arm-none-eabi/lib/armv6-m/libcr_semihost.a(__sys_remove.o)
 .ARM.attributes
                0x0000000000000902       0x21 /Applications/lpcxpresso_7.5.0_254/lpcxpresso/tools/bin/../lib/gcc/arm-none-eabi/4.8.4/../../../../arm-none-eabi/lib/armv6-m/libcr_semihost.a(__sys_seek.o)
 .ARM.attributes
                0x0000000000000923       0x21 /Applications/lpcxpresso_7.5.0_254/lpcxpresso/tools/bin/../lib/gcc/arm-none-eabi/4.8.4/../../../../arm-none-eabi/lib/armv6-m/libcr_semihost.a(__sys_tmpnam.o)
 .ARM.attributes
                0x0000000000000944       0x21 /Applications/lpcxpresso_7.5.0_254/lpcxpresso/tools/bin/../lib/gcc/arm-none-eabi/4.8.4/../../../../arm-none-eabi/lib/armv6-m/libcr_semihost.a(__sys_write.o)

.debug_frame    0x0000000000000000      0xe7c
 .debug_frame   0x0000000000000000       0xd8 ./startup/cr_startup_lpc11.o
 .debug_frame   0x00000000000000d8      0x690 ./src/RF22.o
 .debug_frame   0x0000000000000768      0x184 ./src/RHReliableDatagram.o
 .debug_frame   0x00000000000008ec       0x8c ./src/led.o
 .debug_frame   0x0000000000000978       0x8c ./src/m0utils.o
 .debug_frame   0x0000000000000a04       0xe4 ./src/main.o
 .debug_frame   0x0000000000000ae8       0x6c ./src/spi.o
 .debug_frame   0x0000000000000b54       0xa8 ./src/trigInput.o
 .debug_frame   0x0000000000000bfc      0x10c ./driver/gpio.o
 .debug_frame   0x0000000000000d08      0x12c ./driver/timer32.o
 .debug_frame   0x0000000000000e34       0x48 ./cmsis/system_LPC11xx.o

.debug_loc      0x0000000000000000       0x84
 .debug_loc     0x0000000000000000       0x84 ./cmsis/system_LPC11xx.o
